Microchip MPLAB XC8 Compiler V2.45

Linker command line:

-W-3 \
  --edf=C:/Program Files/Microchip/MPLABX/v6.20/packs/Microchip/PIC18F-K_DFP/1.13.292/xc8\pic\dat\20231012153220_en.msgs \
  -cn -h+dist/default/production\smart_home_master.X.production.sym \
  --cmf=dist/default/production\smart_home_master.X.production.cmf -z \
  -Q18F46K20 -oC:\Users\User\AppData\Local\Temp\xcAs15c.\driver_tmp_3.o \
  --defsym=__MPLAB_BUILD=1 --fixupoverflow=error \
  -Mdist/default/production/smart_home_master.X.production.map \
  --md=C:\Users\User\AppData\Local\Temp\xcAs15c.\driver_tmp_0.dat -E1 \
  -ver=XC8 Compiler --acfsm=1493 -ACODE=00h-0FFFFh -ACONST=00h-0FFFFh \
  -ASMALLCONST=01000h-010FFhx240 -AMEDIUMCONST=01000h-0FFFFh \
  -ACOMRAM=01h-05Fh -AABS1=00h-0F5Fh -ABIGRAM=01h-0F5Fh \
  -ARAM=060h-0FFh,0100h-01FFhx14,0F00h-0F5Fh -ABANK0=060h-0FFh \
  -ABANK1=0100h-01FFh -ABANK2=0200h-02FFh -ABANK3=0300h-03FFh \
  -ABANK4=0400h-04FFh -ABANK5=0500h-05FFh -ABANK6=0600h-06FFh \
  -ABANK7=0700h-07FFh -ABANK8=0800h-08FFh -ABANK9=0900h-09FFh \
  -ABANK10=0A00h-0AFFh -ABANK11=0B00h-0BFFh -ABANK12=0C00h-0CFFh \
  -ABANK13=0D00h-0DFFh -ABANK14=0E00h-0EFFh -ABANK15=0F00h-0F5Fh \
  -ASFR=0F60h-0FFFh -ABIGSFR=0F60h-0FFFh -ACONFIG=0300000h-030000Dh \
  -AIDLOC=0200000h-0200007h -AEEDATA=0F00000h-0F003FFh -peeprom_data=EEDATA \
  -preset_vec=00h,intcode,intcodelo,powerup,init -pramtop=01000h \
  -psmallconst=SMALLCONST -pmediumconst=MEDIUMCONST -pconst=CONST \
  -AFARRAM=00h-00h \
  -prdata=COMRAM,nvrram=COMRAM,nvbit=COMRAM,rbss=COMRAM,rbit=COMRAM \
  -pfarbss=FARRAM,fardata=FARRAM,nvFARRAM=FARRAM \
  -pintsave_regs=BIGRAM,bigbss=BIGRAM,bigdata=BIGRAM -pbss=RAM \
  -pidata=CODE,irdata=CODE,ibigdata=CODE,ifardata=CODE -prparam=COMRAM \
  C:\Users\User\AppData\Local\Temp\xcAs15c.\driver_tmp_9.o \
  dist/default/production\smart_home_master.X.production.o 

Object code version is 3.11

Machine type is 18F46K20



                Name                               Link     Load   Length Selector   Space Scale
C:\Users\User\AppData\Local\Temp\xcAs15c.\driver_tmp_9.o
                config                           300000   300000        E        0       4
                init                                  0        0        4        0       0
dist/default/production\smart_home_master.X.production.o
                config                           300000   300000        E        0       4
                smallconst                         1000     1000       28      800       0
                text15                             1028     1028      142      814       0
                text14                             116A     116A      11E      814       0
                text13                             14B6     14B6       7A      814       0
                text12                             1530     1530       64      814       0
                text11                             16B0     16B0       42      814       0
                text10                             1594     1594       60      814       0
                text9                              1652     1652       5E      814       0
                text8                              1288     1288       EE      814       0
                text7                              1784     1784       16      814       0
                text6                              17B8     17B8        A      814       0
                text5                              1728     1728       30      814       0
                text4                              17AE     17AE        A      814       0
                text3                              15F4     15F4       5E      814       0
                text2                              1438     1438       7E      814       0
                text1                              1376     1376       C2      814       0
                text0                              179A     179A       14      814       0
                cstackCOMRAM                         2D       2D       19        1       1
                dataCOMRAM                            1        1       2C        1       1
                bssCOMRAM                            46       46        6        1       1
                cinit                              16F2     16F2       36      814       0
                nvCOMRAM                             4C       4C        1        1       1
                idataCOMRAM                        1758     1758       2C      814       0

TOTAL           Name                               Link     Load   Length     Space
        CLASS   CODE           
                init                                  0        0        4         0
                text15                             1028     1028      142         0
                text14                             116A     116A      11E         0
                text13                             14B6     14B6       7A         0
                text12                             1530     1530       64         0
                text11                             16B0     16B0       42         0
                text10                             1594     1594       60         0
                text9                              1652     1652       5E         0
                text8                              1288     1288       EE         0
                text7                              1784     1784       16         0
                text6                              17B8     17B8        A         0
                text5                              1728     1728       30         0
                text4                              17AE     17AE        A         0
                text3                              15F4     15F4       5E         0
                text2                              1438     1438       7E         0
                text1                              1376     1376       C2         0
                text0                              179A     179A       14         0
                cinit                              16F2     16F2       36         0
                idataCOMRAM                        1758     1758       2C         0

        CLASS   CONST          

        CLASS   SMALLCONST     
                smallconst                         1000     1000       28         0

        CLASS   MEDIUMCONST    

        CLASS   COMRAM         
                cstackCOMRAM                         2D       2D       19         1
                dataCOMRAM                            1        1       2C         1
                bssCOMRAM                            46       46        6         1
                nvCOMRAM                             4C       4C        1         1

        CLASS   ABS1           

        CLASS   BIGRAM         

        CLASS   RAM            

        CLASS   BANK0          

        CLASS   BANK1          

        CLASS   BANK2          

        CLASS   BANK3          

        CLASS   BANK4          

        CLASS   BANK5          

        CLASS   BANK6          

        CLASS   BANK7          

        CLASS   BANK8          

        CLASS   BANK9          

        CLASS   BANK10         

        CLASS   BANK11         

        CLASS   BANK12         

        CLASS   BANK13         

        CLASS   BANK14         

        CLASS   BANK15         

        CLASS   SFR            

        CLASS   BIGSFR         

        CLASS   CONFIG         
                config                           300000   300000        E         4

        CLASS   IDLOC          

        CLASS   EEDATA         

        CLASS   FARRAM         

        CLASS   HEAP           

        CLASS   STACK          



SEGMENTS        Name                           Load    Length   Top    Selector   Space  Class

                reset_vec                      000000  000004  000004         0       0  CODE    
                dataCOMRAM                     000001  00004C  00004D         1       1  COMRAM  
                smallconst                     001000  000028  001028       800       0  SMALLCON
                text15                         001028  00079A  0017C2       814       0  CODE    


UNUSED ADDRESS RANGES

        Name                Unused          Largest block    Delta
        BANK0            000060-0000FF               A0
        BANK1            000100-0001FF              100
        BANK10           000A00-000AFF              100
        BANK11           000B00-000BFF              100
        BANK12           000C00-000CFF              100
        BANK13           000D00-000DFF              100
        BANK14           000E00-000EFF              100
        BANK15           000F00-000F5F               60
        BANK2            000200-0002FF              100
        BANK3            000300-0003FF              100
        BANK4            000400-0004FF              100
        BANK5            000500-0005FF              100
        BANK6            000600-0006FF              100
        BANK7            000700-0007FF              100
        BANK8            000800-0008FF              100
        BANK9            000900-0009FF              100
        BIGRAM           00004D-000F5F              F13
        BIGSFR           000F60-000FFF               A0
        CODE             000004-000FFF              FFC
                         0017C2-00FFFF             E83E
        COMRAM           00004D-00005F               13
        CONST            000004-000FFF              FFC
                         0017C2-00FFFF             E83E
        EEDATA           F00000-F003FF              400
        IDLOC            200000-200007                8
        MEDIUMCONST      0017C2-00FFFF             E83E
        RAM              000060-000F5F              100
        SFR              000F60-000FFF               A0
        SMALLCONST       0017C2-00FFFF              100

                                  Symbol Table

Welcom@l_welcom_counter                  cstackCOMRAM 000045
_ANSEL                                   (abs)        000F7E
_ANSELH                                  (abs)        000F7F
_APP_Init                                text7        001784
_INTCON2bits                             (abs)        000FF1
_INTCONbits                              (abs)        000FF2
_LATA                                    (abs)        000F89
_LATB                                    (abs)        000F8A
_LATC                                    (abs)        000F8B
_LATD                                    (abs)        000F8C
_LATE                                    (abs)        000F8D
_OSCCON                                  (abs)        000FD3
_OSCILLATOR_Initialize                   text6        0017B8
_OSCTUNE                                 (abs)        000F9B
_PIN_MANAGER_Initialize                  text5        001728
_PORTA                                   (abs)        000F80
_PORTB                                   (abs)        000F81
_PORTC                                   (abs)        000F82
_PORTD                                   (abs)        000F83
_PORTE                                   (abs)        000F84
_SYSTEM_Initialize                       text4        0017AE
_TRISA                                   (abs)        000F92
_TRISB                                   (abs)        000F93
_TRISC                                   (abs)        000F94
_TRISD                                   (abs)        000F95
_TRISE                                   (abs)        000F96
_WPUB                                    (abs)        000F7C
_Welcom                                  text1        001376
__HRAM                                   (abs)        000000
__H__absolute__                          __absolute__ 000000
__Habs1                                  abs1         000000
__Hbank0                                 bank0        000000
__Hbank1                                 bank1        000000
__Hbank10                                bank10       000000
__Hbank11                                bank11       000000
__Hbank12                                bank12       000000
__Hbank13                                bank13       000000
__Hbank14                                bank14       000000
__Hbank15                                bank15       000000
__Hbank2                                 bank2        000000
__Hbank3                                 bank3        000000
__Hbank4                                 bank4        000000
__Hbank5                                 bank5        000000
__Hbank6                                 bank6        000000
__Hbank7                                 bank7        000000
__Hbank8                                 bank8        000000
__Hbank9                                 bank9        000000
__Hbigbss                                bigbss       000000
__Hbigdata                               bigdata      000000
__Hbigram                                bigram       000000
__Hbigsfr                                bigsfr       000000
__Hbss                                   bss          000000
__HbssCOMRAM                             bssCOMRAM    000000
__Hcinit                                 cinit        000000
__Hclrtext                               clrtext      000000
__Hcomram                                comram       000000
__Hconfig                                config       30000E
__Hconst                                 const        000000
__HcstackCOMRAM                          cstackCOMRAM 000000
__Hdata                                  data         000000
__HdataCOMRAM                            dataCOMRAM   000000
__Heeprom_data                           eeprom_data  000000
__Hfarbss                                farbss       000000
__Hfardata                               fardata      000000
__Hheap                                  heap         000000
__Hibigdata                              ibigdata     000000
__Hidata                                 idata        000000
__HidataCOMRAM                           idataCOMRAM  000000
__Hidloc                                 idloc        000000
__Hifardata                              ifardata     000000
__Hinit                                  init         000004
__Hintcode                               intcode      000000
__Hintcode_body                          intcode_body 000000
__Hintcodelo                             intcodelo    000000
__Hintentry                              intentry     000000
__Hintret                                intret       000000
__Hintsave_regs                          intsave_regs 000000
__Hirdata                                irdata       000000
__Hmediumconst                           mediumconst  000000
__HnvCOMRAM                              nvCOMRAM     000000
__HnvFARRAM                              nvFARRAM     000000
__Hnvbit                                 nvbit        000000
__Hnvrram                                nvrram       000000
__Hparam                                 rparam       000000
__Hpowerup                               powerup      000000
__Hram                                   ram          000000
__Hramtop                                ramtop       001000
__Hrbit                                  rbit         000000
__Hrbss                                  rbss         000000
__Hrdata                                 rdata        000000
__Hreset_vec                             reset_vec    000000
__Hrparam                                rparam       000000
__Hsfr                                   sfr          000000
__Hsmallconst                            smallconst   001028
__Hspace_0                               (abs)        0017C2
__Hspace_1                               (abs)        00004D
__Hspace_2                               (abs)        000000
__Hspace_4                               (abs)        60000E
__Hstack                                 stack        000000
__Hstruct                                struct       000000
__Htemp                                  temp         000000
__Htext                                  text         000000
__Htext0                                 text0        000000
__Htext1                                 text1        000000
__Htext10                                text10       000000
__Htext11                                text11       000000
__Htext12                                text12       000000
__Htext13                                text13       000000
__Htext14                                text14       000000
__Htext15                                text15       000000
__Htext2                                 text2        000000
__Htext3                                 text3        000000
__Htext4                                 text4        000000
__Htext5                                 text5        000000
__Htext6                                 text6        000000
__Htext7                                 text7        000000
__Htext8                                 text8        000000
__Htext9                                 text9        000000
__LRAM                                   (abs)        000001
__L__absolute__                          __absolute__ 000000
__Labs1                                  abs1         000000
__Lbank0                                 bank0        000000
__Lbank1                                 bank1        000000
__Lbank10                                bank10       000000
__Lbank11                                bank11       000000
__Lbank12                                bank12       000000
__Lbank13                                bank13       000000
__Lbank14                                bank14       000000
__Lbank15                                bank15       000000
__Lbank2                                 bank2        000000
__Lbank3                                 bank3        000000
__Lbank4                                 bank4        000000
__Lbank5                                 bank5        000000
__Lbank6                                 bank6        000000
__Lbank7                                 bank7        000000
__Lbank8                                 bank8        000000
__Lbank9                                 bank9        000000
__Lbigbss                                bigbss       000000
__Lbigdata                               bigdata      000000
__Lbigram                                bigram       000000
__Lbigsfr                                bigsfr       000000
__Lbss                                   bss          000000
__LbssCOMRAM                             bssCOMRAM    000000
__Lcinit                                 cinit        000000
__Lclrtext                               clrtext      000000
__Lcomram                                comram       000000
__Lconfig                                config       000000
__Lconst                                 const        000000
__LcstackCOMRAM                          cstackCOMRAM 000000
__Ldata                                  data         000000
__LdataCOMRAM                            dataCOMRAM   000000
__Leeprom_data                           eeprom_data  000000
__Lfarbss                                farbss       000000
__Lfardata                               fardata      000000
__Lheap                                  heap         000000
__Libigdata                              ibigdata     000000
__Lidata                                 idata        000000
__LidataCOMRAM                           idataCOMRAM  000000
__Lidloc                                 idloc        000000
__Lifardata                              ifardata     000000
__Linit                                  init         000000
__Lintcode                               intcode      000000
__Lintcode_body                          intcode_body 000000
__Lintcodelo                             intcodelo    000000
__Lintentry                              intentry     000000
__Lintret                                intret       000000
__Lintsave_regs                          intsave_regs 000000
__Lirdata                                irdata       000000
__Lmediumconst                           mediumconst  000000
__LnvCOMRAM                              nvCOMRAM     000000
__LnvFARRAM                              nvFARRAM     000000
__Lnvbit                                 nvbit        000000
__Lnvrram                                nvrram       000000
__Lparam                                 rparam       000000
__Lpowerup                               powerup      000000
__Lram                                   ram          000000
__Lramtop                                ramtop       001000
__Lrbit                                  rbit         000000
__Lrbss                                  rbss         000000
__Lrdata                                 rdata        000000
__Lreset_vec                             reset_vec    000000
__Lrparam                                rparam       000000
__Lsfr                                   sfr          000000
__Lsmallconst                            smallconst   001000
__Lspace_0                               (abs)        000000
__Lspace_1                               (abs)        000000
__Lspace_2                               (abs)        000000
__Lspace_4                               (abs)        000000
__Lstack                                 stack        000000
__Lstruct                                struct       000000
__Ltemp                                  temp         000000
__Ltext                                  text         000000
__Ltext0                                 text0        000000
__Ltext1                                 text1        000000
__Ltext10                                text10       000000
__Ltext11                                text11       000000
__Ltext12                                text12       000000
__Ltext13                                text13       000000
__Ltext14                                text14       000000
__Ltext15                                text15       000000
__Ltext2                                 text2        000000
__Ltext3                                 text3        000000
__Ltext4                                 text4        000000
__Ltext5                                 text5        000000
__Ltext6                                 text6        000000
__Ltext7                                 text7        000000
__Ltext8                                 text8        000000
__Ltext9                                 text9        000000
__S0                                     (abs)        0017C2
__S1                                     (abs)        00004D
__S4                                     (abs)        000000
__S5                                     (abs)        000000
___heap_hi                               (abs)        000000
___heap_lo                               (abs)        000000
___inthi_sp                              stack        000000
___inthi_stack_hi                        stack        000000
___inthi_stack_lo                        stack        000000
___intlo_sp                              stack        000000
___intlo_stack_hi                        stack        000000
___intlo_stack_lo                        stack        000000
___param_bank                            (abs)        000000
___rparam_used                           (abs)        000001
___sp                                    stack        000000
___stack_hi                              stack        000000
___stack_lo                              stack        000000
__accesstop                              (abs)        000060
__activetblptr                           (abs)        000002
__end_of_APP_Init                        text7        00179A
__end_of_OSCILLATOR_Initialize           text6        0017C2
__end_of_PIN_MANAGER_Initialize          text5        001758
__end_of_SYSTEM_Initialize               text4        0017B8
__end_of_Welcom                          text1        001438
__end_of__initialization                 cinit        00171E
__end_of_btn_values                      smallconst   001011
__end_of_gpio_pin_direction_initialize   text15       00116A
__end_of_gpio_pin_initialize             text13       001530
__end_of_gpio_pin_write_logic            text14       001288
__end_of_keypad_initialize               text12       001594
__end_of_lcd_4bit_initialze              text8        001376
__end_of_lcd_4bit_send_char_data         text3        001652
__end_of_lcd_4bit_send_command           text9        0016B0
__end_of_lcd_4bit_send_enable_signal     text11       0016F2
__end_of_lcd_4bit_send_string_data       text2        0014B6
__end_of_lcd_send_4bit                   text10       0015F4
__end_of_main                            text0        0017AE
__initialization                         cinit        0016F2
__mediumconst                            mediumconst  000000
__pbssCOMRAM                             bssCOMRAM    000046
__pcinit                                 cinit        0016F2
__pcstackCOMRAM                          cstackCOMRAM 00002D
__pdataCOMRAM                            dataCOMRAM   000001
__pidataCOMRAM                           idataCOMRAM  001758
__pnvCOMRAM                              nvCOMRAM     00004C
__psmallconst                            smallconst   001000
__ptext0                                 text0        00179A
__ptext1                                 text1        001376
__ptext10                                text10       001594
__ptext11                                text11       0016B0
__ptext12                                text12       001530
__ptext13                                text13       0014B6
__ptext14                                text14       00116A
__ptext15                                text15       001028
__ptext2                                 text2        001438
__ptext3                                 text3        0015F4
__ptext4                                 text4        0017AE
__ptext5                                 text5        001728
__ptext6                                 text6        0017B8
__ptext7                                 text7        001784
__ptext8                                 text8        001288
__ptext9                                 text9        001652
__ramtop                                 ramtop       001000
__smallconst                             smallconst   001000
_btn_values                              smallconst   001001
_gpio_pin_direction_initialize           text15       001028
_gpio_pin_initialize                     text13       0014B6
_gpio_pin_write_logic                    text14       00116A
_key1                                    dataCOMRAM   00001F
_keypad_initialize                       text12       001530
_lat_register                            dataCOMRAM   000001
_lcd1                                    dataCOMRAM   000027
_lcd_4bit_initialze                      text8        001288
_lcd_4bit_send_char_data                 text3        0015F4
_lcd_4bit_send_command                   text9        001652
_lcd_4bit_send_enable_signal             text11       0016B0
_lcd_4bit_send_string_data               text2        001438
_lcd_send_4bit                           text10       001594
_main                                    text0        00179A
_port_register                           dataCOMRAM   00000B
_ret                                     nvCOMRAM     00004C
_tris_register                           dataCOMRAM   000015
end_of_initialization                    cinit        00171E
gpio_pin_direction_initialize@Ret        cstackCOMRAM 000033
gpio_pin_direction_initialize@pin_config cstackCOMRAM 00002D
gpio_pin_initialize@Ret                  cstackCOMRAM 000037
gpio_pin_initialize@pin_config           cstackCOMRAM 000035
gpio_pin_write_logic@Ret                 cstackCOMRAM 000034
gpio_pin_write_logic@logic               cstackCOMRAM 00002E
gpio_pin_write_logic@pin_config          cstackCOMRAM 00002D
intlevel0                                text         000000
intlevel1                                text         000000
intlevel2                                text         000000
intlevel3                                text         000000
isa$std                                  (abs)        000001
isa$xinst                                (abs)        000000
keypad_initialize@num_col                cstackCOMRAM 00003B
keypad_initialize@num_row                cstackCOMRAM 00003A
keypad_initialize@obj                    cstackCOMRAM 000038
keypad_initialize@ret                    cstackCOMRAM 000039
lcd_4bit_initialze@Ret                   cstackCOMRAM 000041
lcd_4bit_initialze@l_counter             cstackCOMRAM 000040
lcd_4bit_initialze@lcd                   cstackCOMRAM 00003E
lcd_4bit_send_char_data@Ret              cstackCOMRAM 00003D
lcd_4bit_send_char_data@data             cstackCOMRAM 00003C
lcd_4bit_send_char_data@lcd              cstackCOMRAM 00003B
lcd_4bit_send_command@Ret                cstackCOMRAM 00003D
lcd_4bit_send_command@command            cstackCOMRAM 00003C
lcd_4bit_send_command@lcd                cstackCOMRAM 00003B
lcd_4bit_send_enable_signal@Ret          cstackCOMRAM 000036
lcd_4bit_send_enable_signal@lcd          cstackCOMRAM 000035
lcd_4bit_send_string_data@Ret            cstackCOMRAM 000041
lcd_4bit_send_string_data@l_counter      cstackCOMRAM 000042
lcd_4bit_send_string_data@lcd            cstackCOMRAM 00003E
lcd_4bit_send_string_data@str_data       cstackCOMRAM 00003F
lcd_send_4bit@Ret                        cstackCOMRAM 000039
lcd_send_4bit@l_counter                  cstackCOMRAM 00003A
lcd_send_4bit@lcd                        cstackCOMRAM 000035
lcd_send_4bit@value                      cstackCOMRAM 000036
stackhi                                  (abs)        000000
stacklo                                  (abs)        000000
start                                    init         000000
start_initialization                     cinit        0016F2


MODULE INFORMATION

Module		Function		Class		Link	Load	Size
mcc_generated_files/pin_manager.c
		_PIN_MANAGER_Initialize		CODE           	1728	0000	48

mcc_generated_files/pin_manager.c estimated size: 48

ECU/LCD/ecu_chr_lcd.c
		_lcd_send_4bit 		CODE           	1594	0000	96
		_lcd_4bit_send_command		CODE           	1652	0000	94
		_lcd_4bit_send_char_data		CODE           	15F4	0000	94
		_lcd_4bit_initialze		CODE           	1288	0000	238
		_lcd_4bit_send_string_data		CODE           	1438	0000	126
		_lcd_4bit_send_enable_signal		CODE           	16B0	0000	66

ECU/LCD/ecu_chr_lcd.c estimated size: 714

HAL/GPIO/hal_gpio.c
		_gpio_pin_write_logic		CODE           	116A	0000	286
		_gpio_pin_direction_initialize		CODE           	1028	0000	322
		_gpio_pin_initialize		CODE           	14B6	0000	122

HAL/GPIO/hal_gpio.c estimated size: 730

shared
		_btn_values    		SMALLCONST     	1001	0000	16
		__initialization		CODE           	16F2	0000	44

shared estimated size: 60

mcc_generated_files/mcc.c
		_OSCILLATOR_Initialize		CODE           	17B8	0000	10
		_SYSTEM_Initialize		CODE           	17AE	0000	10

mcc_generated_files/mcc.c estimated size: 20

ECU/KEYPAD/ecu_keypad.c
		_keypad_initialize		CODE           	1530	0000	100

ECU/KEYPAD/ecu_keypad.c estimated size: 100

main.c
		_main          		CODE           	179A	0000	20
		_APP_Init      		CODE           	1784	0000	22
		_Welcom        		CODE           	1376	0000	194

main.c estimated size: 236

